../Core/Src/main.c:623:6:send_uart_TX.constprop	48	static
../Core/Src/main.c:201:6:SystemClock_Config	88	static,ignoring_inline_asm
../Core/Src/main.c:110:5:main	88	static,ignoring_inline_asm
../Core/Src/main.c:535:7:FreqCalculate	16	static
../Core/Src/main.c:435:6:HAL_GPIO_EXTI_Callback	8	static
../Core/Src/main.c:558:6:HAL_UARTEx_RxEventCallback	32	dynamic
../Core/Src/main.c:640:6:UART_Send_DMA	16	static
../Core/Src/main.c:655:6:HAL_UART_TxCpltCallback	0	static
../Core/Src/main.c:670:6:HAL_TIM_PeriodElapsedCallback	0	static
../Core/Src/main.c:693:6:Error_Handler	0	static,ignoring_inline_asm
