../Core/Src/main.c:110:5:main	32	static
../Core/Src/main.c:201:6:SystemClock_Config	88	static
../Core/Src/main.c:248:13:MX_TIM5_Init	32	static
../Core/Src/main.c:293:13:MX_TIM10_Init	8	static
../Core/Src/main.c:324:13:MX_USART1_UART_Init	8	static
../Core/Src/main.c:355:13:MX_DMA_Init	16	static
../Core/Src/main.c:376:13:MX_GPIO_Init	48	static
../Core/Src/main.c:435:6:HAL_GPIO_EXTI_Callback	16	static
../Core/Src/main.c:535:7:FreqCalculate	24	static
../Core/Src/main.c:558:6:HAL_UARTEx_RxEventCallback	24	static
../Core/Src/main.c:595:6:handles_BLE_message	56	dynamic
../Core/Src/main.c:618:6:clean_buffer_rx_BLE	8	static
../Core/Src/main.c:623:6:send_uart_TX	56	dynamic
../Core/Src/main.c:640:6:UART_Send_DMA	16	static
../Core/Src/main.c:655:6:HAL_UART_TxCpltCallback	16	static
../Core/Src/main.c:670:6:HAL_TIM_PeriodElapsedCallback	24	static
../Core/Src/main.c:693:6:Error_Handler	4	static,ignoring_inline_asm
